// Jest Snapshot v1, https://goo.gl/fbAQLP

exports[`It should render pug correctly 1`] = `"<d> <p>Welcome to the Basket</p><a href=\\"/\\">Shop</a></d><p>Cart Total: Â£100</p><form method=\\"POST\\" action=\\"cart/discount\\"><input name=\\"voucher_code\\" type=\\"text\\"/><button>Apply Voucher</button></form>"`;
